Archive member included to satisfy reference by file (symbol)

E:\IOT leaning\assignments\IOT303X\ABL_MCU_V1.0.0\SDK_1.0.3_NUCLEO-F401RE\SDK_1.0.3_NUCLEO-F401RE\lib_stm\libLibraries.a(system_stm32f4xx.o)
                              ./Src/main.o (SystemCoreClockUpdate)
E:\IOT leaning\assignments\IOT303X\ABL_MCU_V1.0.0\SDK_1.0.3_NUCLEO-F401RE\SDK_1.0.3_NUCLEO-F401RE\lib_stm\libLibraries.a(stm32f401re_adc.o)
                              ./Src/main.o (ADC_DeInit)
E:\IOT leaning\assignments\IOT303X\ABL_MCU_V1.0.0\SDK_1.0.3_NUCLEO-F401RE\SDK_1.0.3_NUCLEO-F401RE\lib_stm\libLibraries.a(stm32f401re_gpio.o)
                              ./Src/main.o (GPIO_Init)
E:\IOT leaning\assignments\IOT303X\ABL_MCU_V1.0.0\SDK_1.0.3_NUCLEO-F401RE\SDK_1.0.3_NUCLEO-F401RE\lib_stm\libLibraries.a(stm32f401re_rcc.o)
                              ./Src/main.o (RCC_AHB1PeriphClockCmd)
E:\IOT leaning\assignments\IOT303X\ABL_MCU_V1.0.0\SDK_1.0.3_NUCLEO-F401RE\SDK_1.0.3_NUCLEO-F401RE\lib_stm\libLibraries.a(stm32f401re_tim.o)
                              ./Src/main.o (TIM_TimeBaseInit)
E:\IOT leaning\assignments\IOT303X\ABL_MCU_V1.0.0\SDK_1.0.3_NUCLEO-F401RE\SDK_1.0.3_NUCLEO-F401RE\lib_stm\libLibraries.a(timer.o)
                              ./Src/main.o (TimerInit)
E:\IOT leaning\assignments\IOT303X\ABL_MCU_V1.0.0\SDK_1.0.3_NUCLEO-F401RE\SDK_1.0.3_NUCLEO-F401RE\lib_stm\libLibraries.a(utilities.o)
                              E:\IOT leaning\assignments\IOT303X\ABL_MCU_V1.0.0\SDK_1.0.3_NUCLEO-F401RE\SDK_1.0.3_NUCLEO-F401RE\lib_stm\libLibraries.a(timer.o) (memsetl)
c:/st/stm32cubeide_1.10.1/stm32cubeide/plugins/com.st.stm32cube.ide.mcu.externaltools.gnu-tools-for-stm32.10.3-2021.10.win32_1.0.0.202111181127/tools/bin/../lib/gcc/arm-none-eabi/10.3.1/../../../../arm-none-eabi/lib/thumb/v7e-m+fp/hard\libc_nano.a(lib_a-errno.o)
                              ./Src/syscalls.o (__errno)
c:/st/stm32cubeide_1.10.1/stm32cubeide/plugins/com.st.stm32cube.ide.mcu.externaltools.gnu-tools-for-stm32.10.3-2021.10.win32_1.0.0.202111181127/tools/bin/../lib/gcc/arm-none-eabi/10.3.1/../../../../arm-none-eabi/lib/thumb/v7e-m+fp/hard\libc_nano.a(lib_a-exit.o)
                              c:/st/stm32cubeide_1.10.1/stm32cubeide/plugins/com.st.stm32cube.ide.mcu.externaltools.gnu-tools-for-stm32.10.3-2021.10.win32_1.0.0.202111181127/tools/bin/../lib/gcc/arm-none-eabi/10.3.1/../../../../arm-none-eabi/lib/thumb/v7e-m+fp/hard/crt0.o (exit)
c:/st/stm32cubeide_1.10.1/stm32cubeide/plugins/com.st.stm32cube.ide.mcu.externaltools.gnu-tools-for-stm32.10.3-2021.10.win32_1.0.0.202111181127/tools/bin/../lib/gcc/arm-none-eabi/10.3.1/../../../../arm-none-eabi/lib/thumb/v7e-m+fp/hard\libc_nano.a(lib_a-impure.o)
                              c:/st/stm32cubeide_1.10.1/stm32cubeide/plugins/com.st.stm32cube.ide.mcu.externaltools.gnu-tools-for-stm32.10.3-2021.10.win32_1.0.0.202111181127/tools/bin/../lib/gcc/arm-none-eabi/10.3.1/../../../../arm-none-eabi/lib/thumb/v7e-m+fp/hard\libc_nano.a(lib_a-exit.o) (_global_impure_ptr)
c:/st/stm32cubeide_1.10.1/stm32cubeide/plugins/com.st.stm32cube.ide.mcu.externaltools.gnu-tools-for-stm32.10.3-2021.10.win32_1.0.0.202111181127/tools/bin/../lib/gcc/arm-none-eabi/10.3.1/../../../../arm-none-eabi/lib/thumb/v7e-m+fp/hard\libc_nano.a(lib_a-init.o)
                              c:/st/stm32cubeide_1.10.1/stm32cubeide/plugins/com.st.stm32cube.ide.mcu.externaltools.gnu-tools-for-stm32.10.3-2021.10.win32_1.0.0.202111181127/tools/bin/../lib/gcc/arm-none-eabi/10.3.1/../../../../arm-none-eabi/lib/thumb/v7e-m+fp/hard/crt0.o (__libc_init_array)
c:/st/stm32cubeide_1.10.1/stm32cubeide/plugins/com.st.stm32cube.ide.mcu.externaltools.gnu-tools-for-stm32.10.3-2021.10.win32_1.0.0.202111181127/tools/bin/../lib/gcc/arm-none-eabi/10.3.1/../../../../arm-none-eabi/lib/thumb/v7e-m+fp/hard\libc_nano.a(lib_a-memset.o)
                              c:/st/stm32cubeide_1.10.1/stm32cubeide/plugins/com.st.stm32cube.ide.mcu.externaltools.gnu-tools-for-stm32.10.3-2021.10.win32_1.0.0.202111181127/tools/bin/../lib/gcc/arm-none-eabi/10.3.1/../../../../arm-none-eabi/lib/thumb/v7e-m+fp/hard/crt0.o (memset)
c:/st/stm32cubeide_1.10.1/stm32cubeide/plugins/com.st.stm32cube.ide.mcu.externaltools.gnu-tools-for-stm32.10.3-2021.10.win32_1.0.0.202111181127/tools/bin/../lib/gcc/arm-none-eabi/10.3.1/thumb/v7e-m+fp/hard\libgcc.a(_arm_muldf3.o)
                              ./Kalman_filter/kalman_filter.o (__aeabi_dmul)
c:/st/stm32cubeide_1.10.1/stm32cubeide/plugins/com.st.stm32cube.ide.mcu.externaltools.gnu-tools-for-stm32.10.3-2021.10.win32_1.0.0.202111181127/tools/bin/../lib/gcc/arm-none-eabi/10.3.1/thumb/v7e-m+fp/hard\libgcc.a(_arm_addsubdf3.o)
                              ./Kalman_filter/kalman_filter.o (__aeabi_dsub)
c:/st/stm32cubeide_1.10.1/stm32cubeide/plugins/com.st.stm32cube.ide.mcu.externaltools.gnu-tools-for-stm32.10.3-2021.10.win32_1.0.0.202111181127/tools/bin/../lib/gcc/arm-none-eabi/10.3.1/thumb/v7e-m+fp/hard\libgcc.a(_arm_truncdfsf2.o)
[...]
Memory Configuration

Name             Origin             Length             Attributes
RAM              0x0000000020000000 0x0000000000018000 xrw
FLASH            0x0000000008000000 0x0000000000080000 xr
*default*        0x0000000000000000 0xffffffffffffffff

Linker script and memory map

LOAD c:/st/stm32cubeide_1.10.1/stm32cubeide/plugins/com.st.stm32cube.ide.mcu.externaltools.gnu-tools-for-stm32.10.3-2021.10.win32_1.0.0.202111181127/tools/bin/../lib/gcc/arm-none-eabi/10.3.1/thumb/v7e-m+fp/hard/crti.o
LOAD c:/st/stm32cubeide_1.10.1/stm32cubeide/plugins/com.st.stm32cube.ide.mcu.externaltools.gnu-tools-for-stm32.10.3-2021.10.win32_1.0.0.202111181127/tools/bin/../lib/gcc/arm-none-eabi/10.3.1/thumb/v7e-m+fp/hard/crtbegin.o
LOAD c:/st/stm32cubeide_1.10.1/stm32cubeide/plugins/com.st.stm32cube.ide.mcu.externaltools.gnu-tools-for-stm32.10.3-2021.10.win32_1.0.0.202111181127/tools/bin/../lib/gcc/arm-none-eabi/10.3.1/../../../../arm-none-eabi/lib/thumb/v7e-m+fp/hard/crt0.o
LOAD ./Kalman_filter/kalman_filter.o
LOAD ./Src/main.o
LOAD ./Src/syscalls.o
LOAD ./Src/sysmem.o
LOAD ./Startup/startup_stm32f401retx.o
LOAD E:\IOT leaning\assignments\IOT303X\ABL_MCU_V1.0.0\SDK_1.0.3_NUCLEO-F401RE\SDK_1.0.3_NUCLEO-F401RE\lib_stm\libLibraries.a
START GROUP
LOAD c:/st/stm32cubeide_1.10.1/stm32cubeide/plugins/com.st.stm32cube.ide.mcu.externaltools.gnu-tools-for-stm32.10.3-2021.10.win32_1.0.0.202111181127/tools/bin/../lib/gcc/arm-none-eabi/10.3.1/../../../../arm-none-eabi/lib/thumb/v7e-m+fp/hard\libc_nano.a
LOAD c:/st/stm32cubeide_1.10.1/stm32cubeide/plugins/com.st.stm32cube.ide.mcu.externaltools.gnu-tools-for-stm32.10.3-2021.10.win32_1.0.0.202111181127/tools/bin/../lib/gcc/arm-none-eabi/10.3.1/../../../../arm-none-eabi/lib/thumb/v7e-m+fp/hard\libm.a
END GROUP
START GROUP
LOAD c:/st/stm32cubeide_1.10.1/stm32cubeide/plugins/com.st.stm32cube.ide.mcu.externaltools.gnu-tools-for-stm32.10.3-2021.10.win32_1.0.0.202111181127/tools/bin/../lib/gcc/arm-none-eabi/10.3.1/thumb/v7e-m+fp/hard\libgcc.a
LOAD c:/st/stm32cubeide_1.10.1/stm32cubeide/plugins/com.st.stm32cube.ide.mcu.externaltools.gnu-tools-for-stm32.10.3-2021.10.win32_1.0.0.202111181127/tools/bin/../lib/gcc/arm-none-eabi/10.3.1/../../../../arm-none-eabi/lib/thumb/v7e-m+fp/hard\libc_nano.a
END GROUP
START GROUP
LOAD c:/st/stm32cubeide_1.10.1/stm32cubeide/plugins/com.st.stm32cube.ide.mcu.externaltools.gnu-tools-for-stm32.10.3-2021.10.win32_1.0.0.202111181127/tools/bin/../lib/gcc/arm-none-eabi/10.3.1/thumb/v7e-m+fp/hard\libgcc.a
LOAD c:/st/stm32cubeide_1.10.1/stm32cubeide/plugins/com.st.stm32cube.ide.mcu.externaltools.gnu-tools-for-stm32.10.3-2021.10.win32_1.0.0.202111181127/tools/bin/../lib/gcc/arm-none-eabi/10.3.1/../../../../arm-none-eabi/lib/thumb/v7e-m+fp/hard\libc_nano.a
LOAD c:/st/stm32cubeide_1.10.1/stm32cubeide/plugins/com.st.stm32cube.ide.mcu.externaltools.gnu-tools-for-stm32.10.3-2021.10.win32_1.0.0.202111181127/tools/bin/../lib/gcc/arm-none-eabi/10.3.1/../../../../arm-none-eabi/lib/thumb/v7e-m+fp/hard\libnosys.a
END GROUP
START GROUP
LOAD c:/st/stm32cubeide_1.10.1/stm32cubeide/plugins/com.st.stm32cube.ide.mcu.externaltools.gnu-tools-for-stm32.10.3-2021.10.win32_1.0.0.202111181127/tools/bin/../lib/gcc/arm-none-eabi/10.3.1/thumb/v7e-m+fp/hard\libgcc.a
LOAD c:/st/stm32cubeide_1.10.1/stm32cubeide/plugins/com.st.stm32cube.ide.mcu.externaltools.gnu-tools-for-stm32.10.3-2021.10.win32_1.0.0.202111181127/tools/bin/../lib/gcc/arm-none-eabi/10.3.1/../../../../arm-none-eabi/lib/thumb/v7e-m+fp/hard\libc_nano.a
LOAD c:/st/stm32cubeide_1.10.1/stm32cubeide/plugins/com.st.stm32cube.ide.mcu.externaltools.gnu-tools-for-stm32.10.3-2021.10.win32_1.0.0.202111181127/tools/bin/../lib/gcc/arm-none-eabi/10.3.1/../../../../arm-none-eabi/lib/thumb/v7e-m+fp/hard\libnosys.a
END GROUP
LOAD c:/st/stm32cubeide_1.10.1/stm32cubeide/plugins/com.st.stm32cube.ide.mcu.externaltools.gnu-tools-for-stm32.10.3-2021.10.win32_1.0.0.202111181127/tools/bin/../lib/gcc/arm-none-eabi/10.3.1/thumb/v7e-m+fp/hard/crtend.o
LOAD c:/st/stm32cubeide_1.10.1/stm32cubeide/plugins/com.st.stm32cube.ide.mcu.externaltools.gnu-tools-for-stm32.10.3-2021.10.win32_1.0.0.202111181127/tools/bin/../lib/gcc/arm-none-eabi/10.3.1/thumb/v7e-m+fp/hard/crtn.o
                0x0000000020018000                _estack = (ORIGIN (RAM) + LENGTH (RAM))
                0x0000000000000200                _Min_Heap_Size = 0x200
                0x0000000000000400                _Min_Stack_Size = 0x400

.isr_vector     0x0000000008000000      0x194
                0x0000000008000000                . = ALIGN (0x4)
 *(.isr_vector)
 .isr_vector    0x0000000008000000      0x194 ./Startup/startup_stm32f401retx.o
                0x0000000008000000                g_pfnVectors
                0x0000000008000194                . = ALIGN (0x4)

.text           0x0000000008000194     0x18c8
                0x0000000008000194                . = ALIGN (0x4)
 *(.text)
 .text          0x0000000008000194       0x40 c:/st/stm32cubeide_1.10.1/stm32cubeide/plugins/com.st.stm32cube.ide.mcu.externaltools.gnu-tools-for-stm32.10.3-2021.10.win32_1.0.0.202111181127/tools/bin/../lib/gcc/arm-none-eabi/10.3.1/thumb/v7e-m+fp/hard/crtbegin.o
 .text          0x00000000080001d4      0x254 c:/st/stm32cubeide_1.10.1/stm32cubeide/plugins/com.st.stm32cube.ide.mcu.externaltools.gnu-tools-for-stm32.10.3-2021.10.win32_1.0.0.202111181127/tools/bin/../lib/gcc/arm-none-eabi/10.3.1/thumb/v7e-m+fp/hard\libgcc.a(_arm_muldf3.o)
                0x00000000080001d4                __muldf3
                0x00000000080001d4                __aeabi_dmul
 .text          0x0000000008000428      0x378 c:/st/stm32cubeide_1.10.1/stm32cubeide/plugins/com.st.stm32cube.ide.mcu.externaltools.gnu-tools-for-stm32.10.3-2021.10.win32_1.0.0.202111181127/tools/bin/../lib/gcc/arm-none-eabi/10.3.1/thumb/v7e-m+fp/hard\libgcc.a(_arm_addsubdf3.o)
                0x0000000008000428                __aeabi_drsub
                0x0000000008000430                __aeabi_dsub
                0x0000000008000430                __subdf3
                0x0000000008000434                __aeabi_dadd
                0x0000000008000434                __adddf3
                0x00000000080006ac                __floatunsidf
                0x00000000080006ac                __aeabi_ui2d
                0x00000000080006cc                __floatsidf
                0x00000000080006cc                __aeabi_i2d
                0x00000000080006f0                __aeabi_f2d
                0x00000000080006f0                __extendsfdf2
                0x0000000008000734                __floatundidf
                0x0000000008000734                __aeabi_ul2d
                0x0000000008000744                __floatdidf
                0x0000000008000744                __aeabi_l2d
 .text          0x00000000080007a0       0xa0 c:/st/stm32cubeide_1.10.1/stm32cubeide/plugins/com.st.stm32cube.ide.mcu.externaltools.gnu-tools-for-stm32.10.3-2021.10.win32_1.0.0.202111181127/tools/bin/../lib/gcc/arm-none-eabi/10.3.1/thumb/v7e-m+fp/hard\libgcc.a(_arm_truncdfsf2.o)
                0x00000000080007a0                __truncdfsf2
                0x00000000080007a0                __aeabi_d2f
 *(.text*)
 .text.KalmanFilterInit
                0x0000000008000840       0x3c ./Kalman_filter/kalman_filter.o
                0x0000000008000840                KalmanFilterInit
 .text.KalmanFilter_updateEstimate
                0x000000000800087c      0x120 ./Kalman_filter/kalman_filter.o
                0x000000000800087c                KalmanFilter_updateEstimate
 .text.main     0x000000000800099c        0xe ./Src/main.o
                0x000000000800099c                main
 *fill*         0x00000000080009aa        0x2 
 .text.appInitCommon
                0x00000000080009ac       0x2c ./Src/main.o
                0x00000000080009ac                appInitCommon
 .text.ledControlTimerOCInit
                0x00000000080009d8       0xb8 ./Src/main.o
 .text.lightSensorAdcInit
                0x0000000008000a90       0x9c ./Src/main.o
 .text.ledControlTimerOcSetPwm
                0x0000000008000b2c       0x44 ./Src/main.o
 .text.lightSensorAdcPollingRead
                0x0000000008000b70       0x2c ./Src/main.o
 .text.lightValueOfFilter
                0x0000000008000b9c       0x36 ./Src/main.o
 *fill*         0x0000000008000bd2        0x2 
 .text.ablStepBrightness
                0x0000000008000bd4       0x38 ./Src/main.o
 .text.ablProcess
                0x0000000008000c0c       0x74 ./Src/main.o
 .text.Reset_Handler
                0x0000000008000c80       0x50 ./Startup/startup_stm32f401retx.o
                0x0000000008000c80                Reset_Handler
 .text.Default_Handler
                0x0000000008000cd0        0x2 ./Startup/startup_stm32f401retx.o
                0x0000000008000cd0                EXTI2_IRQHandler
                0x0000000008000cd0                DebugMon_Handler
                0x0000000008000cd0                SPI4_IRQHandler
                0x0000000008000cd0                TIM1_CC_IRQHandler
                0x0000000008000cd0                HardFault_Handler
                0x0000000008000cd0                SDIO_IRQHandler
                0x0000000008000cd0                TAMP_STAMP_IRQHandler
                0x0000000008000cd0                PendSV_Handler
                0x0000000008000cd0                NMI_Handler
                0x0000000008000cd0                EXTI3_IRQHandler
                0x0000000008000cd0                TIM1_UP_TIM10_IRQHandler
                0x0000000008000cd0                I2C3_ER_IRQHandler
                0x0000000008000cd0                EXTI18_OTG_FS_WKUP_IRQHandler
                0x0000000008000cd0                EXTI0_IRQHandler
                0x0000000008000cd0                I2C2_EV_IRQHandler
                0x0000000008000cd0                FPU_IRQHandler
                0x0000000008000cd0                UsageFault_Handler
                0x0000000008000cd0                SPI1_IRQHandler
                0x0000000008000cd0                TIM1_BRK_TIM9_IRQHandler
                0x0000000008000cd0                USART6_IRQHandler
                0x0000000008000cd0                TIM4_IRQHandler
                0x0000000008000cd0                I2C1_EV_IRQHandler
                0x0000000008000cd0                TIM3_IRQHandler
                0x0000000008000cd0                RCC_IRQHandler
                0x0000000008000cd0                Default_Handler
                0x0000000008000cd0                EXTI15_10_IRQHandler
                0x0000000008000cd0                ADC_IRQHandler
                0x0000000008000cd0                TIM5_IRQHandler
                0x0000000008000cd0                I2C3_EV_IRQHandler
                0x0000000008000cd0                EXTI9_5_IRQHandler
                0x0000000008000cd0                SPI2_IRQHandler
                0x0000000008000cd0                MemManage_Handler
                0x0000000008000cd0                SVC_Handler
                0x0000000008000cd0                EXTI4_IRQHandler
                0x0000000008000cd0                EXTI22_RTC_WKUP_IRQHandler
                0x0000000008000cd0                TIM2_IRQHandler
                0x0000000008000cd0                EXTI16_PVD_IRQHandler
                0x0000000008000cd0                TIM1_TRG_COM_TIM11_IRQHandler
                0x0000000008000cd0                EXTI1_IRQHandler
                0x0000000008000cd0                EXTI17_RTC_Alarm_IRQHandler
                0x0000000008000cd0                USART2_IRQHandler
                0x0000000008000cd0                I2C2_ER_IRQHandler
                0x0000000008000cd0                FLASH_IRQHandler
                0x0000000008000cd0                BusFault_Handler
                0x0000000008000cd0                USART1_IRQHandler
                0x0000000008000cd0                OTG_FS_IRQHandler
                0x0000000008000cd0                SPI3_IRQHandler
                0x0000000008000cd0                I2C1_ER_IRQHandler
 *fill*         0x0000000008000cd2        0x2 
 .text.SystemInit
                0x0000000008000cd4       0x6c E:\IOT leaning\assignments\IOT303X\ABL_MCU_V1.0.0\SDK_1.0.3_NUCLEO-F401RE\SDK_1.0.3_NUCLEO-F401RE\lib_stm\libLibraries.a(system_stm32f4xx.o)
                0x0000000008000cd4                SystemInit
 .text.SystemCoreClockUpdate
                0x0000000008000d40       0xf8 E:\IOT leaning\assignments\IOT303X\ABL_MCU_V1.0.0\SDK_1.0.3_NUCLEO-F401RE\SDK_1.0.3_NUCLEO-F401RE\lib_stm\libLibraries.a(system_stm32f4xx.o)
                0x0000000008000d40                SystemCoreClockUpdate
 .text.SetSysClock
                0x0000000008000e38       0xa0 E:\IOT leaning\assignments\IOT303X\ABL_MCU_V1.0.0\SDK_1.0.3_NUCLEO-F401RE\SDK_1.0.3_NUCLEO-F401RE\lib_stm\libLibraries.a(system_stm32f4xx.o)
 .text.ADC_DeInit
                0x0000000008000ed8       0x1c E:\IOT leaning\assignments\IOT303X\ABL_MCU_V1.0.0\SDK_1.0.3_NUCLEO-F401RE\SDK_1.0.3_NUCLEO-F401RE\lib_stm\libLibraries.a(stm32f401re_adc.o)
                0x0000000008000ed8                ADC_DeInit
 .text.ADC_Init
                0x0000000008000ef4       0xac E:\IOT leaning\assignments\IOT303X\ABL_MCU_V1.0.0\SDK_1.0.3_NUCLEO-F401RE\SDK_1.0.3_NUCLEO-F401RE\lib_stm\libLibraries.a(stm32f401re_adc.o)
                0x0000000008000ef4                ADC_Init
 .text.ADC_CommonInit
                0x0000000008000fa0       0x50 E:\IOT leaning\assignments\IOT303X\ABL_MCU_V1.0.0\SDK_1.0.3_NUCLEO-F401RE\SDK_1.0.3_NUCLEO-F401RE\lib_stm\libLibraries.a(stm32f401re_adc.o)
                0x0000000008000fa0                ADC_CommonInit
 .text.ADC_Cmd  0x0000000008000ff0       0x38 E:\IOT leaning\assignments\IOT303X\ABL_MCU_V1.0.0\SDK_1.0.3_NUCLEO-F401RE\SDK_1.0.3_NUCLEO-F401RE\lib_stm\libLibraries.a(stm32f401re_adc.o)
                0x0000000008000ff0                ADC_Cmd
 .text.ADC_RegularChannelConfig
                0x0000000008001028      0x194 E:\IOT leaning\assignments\IOT303X\ABL_MCU_V1.0.0\SDK_1.0.3_NUCLEO-F401RE\SDK_1.0.3_NUCLEO-F401RE\lib_stm\libLibraries.a(stm32f401re_adc.o)
                0x0000000008001028                ADC_RegularChannelConfig
 .text.ADC_SoftwareStartConv
                0x00000000080011bc       0x20 E:\IOT leaning\assignments\IOT303X\ABL_MCU_V1.0.0\SDK_1.0.3_NUCLEO-F401RE\SDK_1.0.3_NUCLEO-F401RE\lib_stm\libLibraries.a(stm32f401re_adc.o)
                0x00000000080011bc                ADC_SoftwareStartConv
 .text.ADC_GetConversionValue
                0x00000000080011dc       0x1a E:\IOT leaning\assignments\IOT303X\ABL_MCU_V1.0.0\SDK_1.0.3_NUCLEO-F401RE\SDK_1.0.3_NUCLEO-F401RE\lib_stm\libLibraries.a(stm32f401re_adc.o)
                0x00000000080011dc                ADC_GetConversionValue
 .text.ADC_GetFlagStatus
                0x00000000080011f6       0x34 E:\IOT leaning\assignments\IOT303X\ABL_MCU_V1.0.0\SDK_1.0.3_NUCLEO-F401RE\SDK_1.0.3_NUCLEO-F401RE\lib_stm\libLibraries.a(stm32f401re_adc.o)
                0x00000000080011f6                ADC_GetFlagStatus
 .text.GPIO_Init
                0x000000000800122a      0x11c E:\IOT leaning\assignments\IOT303X\ABL_MCU_V1.0.0\SDK_1.0.3_NUCLEO-F401RE\SDK_1.0.3_NUCLEO-F401RE\lib_stm\libLibraries.a(stm32f401re_gpio.o)
                0x000000000800122a                GPIO_Init
 .text.GPIO_PinAFConfig
                0x0000000008001346       0x92 E:\IOT leaning\assignments\IOT303X\ABL_MCU_V1.0.0\SDK_1.0.3_NUCLEO-F401RE\SDK_1.0.3_NUCLEO-F401RE\lib_stm\libLibraries.a(stm32f401re_gpio.o)
                0x0000000008001346                GPIO_PinAFConfig
 .text.RCC_GetClocksFreq
                0x00000000080013d8      0x150 E:\IOT leaning\assignments\IOT303X\ABL_MCU_V1.0.0\SDK_1.0.3_NUCLEO-F401RE\SDK_1.0.3_NUCLEO-F401RE\lib_stm\libLibraries.a(stm32f401re_rcc.o)
                0x00000000080013d8                RCC_GetClocksFreq
 .text.RCC_AHB1PeriphClockCmd
                0x0000000008001528       0x40 E:\IOT leaning\assignments\IOT303X\ABL_MCU_V1.0.0\SDK_1.0.3_NUCLEO-F401RE\SDK_1.0.3_NUCLEO-F401RE\lib_stm\libLibraries.a(stm32f401re_rcc.o)
                0x0000000008001528                RCC_AHB1PeriphClockCmd
 .text.RCC_APB1PeriphClockCmd
                0x0000000008001568       0x40 E:\IOT leaning\assignments\IOT303X\ABL_MCU_V1.0.0\SDK_1.0.3_NUCLEO-F401RE\SDK_1.0.3_NUCLEO-F401RE\lib_stm\libLibraries.a(stm32f401re_rcc.o)
                0x0000000008001568                RCC_APB1PeriphClockCmd
 .text.RCC_APB2PeriphClockCmd
                0x00000000080015a8       0x40 E:\IOT leaning\assignments\IOT303X\ABL_MCU_V1.0.0\SDK_1.0.3_NUCLEO-F401RE\SDK_1.0.3_NUCLEO-F401RE\lib_stm\libLibraries.a(stm32f401re_rcc.o)
                0x00000000080015a8                RCC_APB2PeriphClockCmd
 .text.RCC_APB2PeriphResetCmd
                0x00000000080015e8       0x40 E:\IOT leaning\assignments\IOT303X\ABL_MCU_V1.0.0\SDK_1.0.3_NUCLEO-F401RE\SDK_1.0.3_NUCLEO-F401RE\lib_stm\libLibraries.a(stm32f401re_rcc.o)
                0x00000000080015e8                RCC_APB2PeriphResetCmd
 .text.TIM_TimeBaseInit
                0x0000000008001628       0xd8 E:\IOT leaning\assignments\IOT303X\ABL_MCU_V1.0.0\SDK_1.0.3_NUCLEO-F401RE\SDK_1.0.3_NUCLEO-F401RE\lib_stm\libLibraries.a(stm32f401re_tim.o)
                0x0000000008001628                TIM_TimeBaseInit
 .text.TIM_Cmd  0x0000000008001700       0x40 E:\IOT leaning\assignments\IOT303X\ABL_MCU_V1.0.0\SDK_1.0.3_NUCLEO-F401RE\SDK_1.0.3_NUCLEO-F401RE\lib_stm\libLibraries.a(stm32f401re_tim.o)
                0x0000000008001700                TIM_Cmd
 .text.TIM_OC2Init
                0x0000000008001740      0x110 E:\IOT leaning\assignments\IOT303X\ABL_MCU_V1.0.0\SDK_1.0.3_NUCLEO-F401RE\SDK_1.0.3_NUCLEO-F401RE\lib_stm\libLibraries.a(stm32f401re_tim.o)
                0x0000000008001740                TIM_OC2Init
 .text.TIM_SetCompare2
                0x0000000008001850       0x1c E:\IOT leaning\assignments\IOT303X\ABL_MCU_V1.0.0\SDK_1.0.3_NUCLEO-F401RE\SDK_1.0.3_NUCLEO-F401RE\lib_stm\libLibraries.a(stm32f401re_tim.o)
                0x0000000008001850                TIM_SetCompare2
 .text.TIM_CtrlPWMOutputs
                0x000000000800186c       0x4c E:\IOT leaning\assignments\IOT303X\ABL_MCU_V1.0.0\SDK_1.0.3_NUCLEO-F401RE\SDK_1.0.3_NUCLEO-F401RE\lib_stm\libLibraries.a(stm32f401re_tim.o)
                0x000000000800186c                TIM_CtrlPWMOutputs
 .text.NVIC_SetPriority
                0x00000000080018b8       0x54 E:\IOT leaning\assignments\IOT303X\ABL_MCU_V1.0.0\SDK_1.0.3_NUCLEO-F401RE\SDK_1.0.3_NUCLEO-F401RE\lib_stm\libLibraries.a(timer.o)
 .text.SysTick_Config
                0x000000000800190c       0x44 E:\IOT leaning\assignments\IOT303X\ABL_MCU_V1.0.0\SDK_1.0.3_NUCLEO-F401RE\SDK_1.0.3_NUCLEO-F401RE\lib_stm\libLibraries.a(timer.o)
 .text.TimerInit
                0x0000000008001950       0x44 E:\IOT leaning\assignments\IOT303X\ABL_MCU_V1.0.0\SDK_1.0.3_NUCLEO-F401RE\SDK_1.0.3_NUCLEO-F401RE\lib_stm\libLibraries.a(timer.o)
                0x0000000008001950                TimerInit
 .text.GetMilSecTick
                0x0000000008001994       0x18 E:\IOT leaning\assignments\IOT303X\ABL_MCU_V1.0.0\SDK_1.0.3_NUCLEO-F401RE\SDK_1.0.3_NUCLEO-F401RE\lib_stm\libLibraries.a(timer.o)
                0x0000000008001994                GetMilSecTick
 .text.SysTick_Handler
                0x00000000080019ac       0x1c E:\IOT leaning\assignments\IOT303X\ABL_MCU_V1.0.0\SDK_1.0.3_NUCLEO-F401RE\SDK_1.0.3_NUCLEO-F401RE\lib_stm\libLibraries.a(timer.o)
                0x00000000080019ac                SysTick_Handler
 .text.memsetl  0x00000000080019c8       0x32 E:\IOT leaning\assignments\IOT303X\ABL_MCU_V1.0.0\SDK_1.0.3_NUCLEO-F401RE\SDK_1.0.3_NUCLEO-F401RE\lib_stm\libLibraries.a(utilities.o)
                0x00000000080019c8                memsetl
 *fill*         0x00000000080019fa        0x2 
 .text.__libc_init_array
                0x00000000080019fc       0x48 c:/st/stm32cubeide_1.10.1/stm32cubeide/plugins/com.st.stm32cube.ide.mcu.externaltools.gnu-tools-for-stm32.10.3-2021.10.win32_1.0.0.202111181127/tools/bin/../lib/gcc/arm-none-eabi/10.3.1/../../../../arm-none-eabi/lib/thumb/v7e-m+fp/hard\libc_nano.a(lib_a-init.o)
                0x00000000080019fc                __libc_init_array
 *(.glue_7)
 .glue_7        0x0000000008001a44        0x0 linker stubs
 *(.glue_7t)
 .glue_7t       0x0000000008001a44        0x0 linker stubs
 *(.eh_frame)
 .eh_frame      0x0000000008001a44        0x0 c:/st/stm32cubeide_1.10.1/stm32cubeide/plugins/com.st.stm32cube.ide.mcu.externaltools.gnu-tools-for-stm32.10.3-2021.10.win32_1.0.0.202111181127/tools/bin/../lib/gcc/arm-none-eabi/10.3.1/thumb/v7e-m+fp/hard/crtbegin.o
 *(.init)
 .init          0x0000000008001a44        0x4 c:/st/stm32cubeide_1.10.1/stm32cubeide/plugins/com.st.stm32cube.ide.mcu.externaltools.gnu-tools-for-stm32.10.3-2021.10.win32_1.0.0.202111181127/tools/bin/../lib/gcc/arm-none-eabi/10.3.1/thumb/v7e-m+fp/hard/crti.o
                0x0000000008001a44                _init
 .init          0x0000000008001a48        0x8 c:/st/stm32cubeide_1.10.1/stm32cubeide/plugins/com.st.stm32cube.ide.mcu.externaltools.gnu-tools-for-stm32.10.3-2021.10.win32_1.0.0.202111181127/tools/bin/../lib/gcc/arm-none-eabi/10.3.1/thumb/v7e-m+fp/hard/crtn.o
 *(.fini)
 .fini          0x0000000008001a50        0x4 c:/st/stm32cubeide_1.10.1/stm32cubeide/plugins/com.st.stm32cube.ide.mcu.externaltools.gnu-tools-for-stm32.10.3-2021.10.win32_1.0.0.202111181127/tools/bin/../lib/gcc/arm-none-eabi/10.3.1/thumb/v7e-m+fp/hard/crti.o
                0x0000000008001a50                _fini
 .fini          0x0000000008001a54        0x8 c:/st/stm32cubeide_1.10.1/stm32cubeide/plugins/com.st.stm32cube.ide.mcu.externaltools.gnu-tools-for-stm32.10.3-2021.10.win32_1.0.0.202111181127/tools/bin/../lib/gcc/arm-none-eabi/10.3.1/thumb/v7e-m+fp/hard/crtn.o
                0x0000000008001a5c                . = ALIGN (0x4)
                0x0000000008001a5c                _etext = .

.vfp11_veneer   0x0000000008001a5c        0x0
 .vfp11_veneer  0x0000000008001a5c        0x0 linker stubs

.v4_bx          0x0000000008001a5c        0x0
 .v4_bx         0x0000000008001a5c        0x0 linker stubs

.iplt           0x0000000008001a5c        0x0
 .iplt          0x0000000008001a5c        0x0 c:/st/stm32cubeide_1.10.1/stm32cubeide/plugins/com.st.stm32cube.ide.mcu.externaltools.gnu-tools-for-stm32.10.3-2021.10.win32_1.0.0.202111181127/tools/bin/../lib/gcc/arm-none-eabi/10.3.1/thumb/v7e-m+fp/hard/crtbegin.o

.rel.dyn        0x0000000008001a5c        0x0
 .rel.iplt      0x0000000008001a5c        0x0 c:/st/stm32cubeide_1.10.1/stm32cubeide/plugins/com.st.stm32cube.ide.mcu.externaltools.gnu-tools-for-stm32.10.3-2021.10.win32_1.0.0.202111181127/tools/bin/../lib/gcc/arm-none-eabi/10.3.1/thumb/v7e-m+fp/hard/crtbegin.o

.rodata         0x0000000008001a5c        0x0
                0x0000000008001a5c                . = ALIGN (0x4)
 *(.rodata)
 *(.rodata*)
                0x0000000008001a5c                . = ALIGN (0x4)

.ARM.extab      0x0000000008001a5c        0x0
                0x0000000008001a5c                . = ALIGN (0x4)
 *(.ARM.extab* .gnu.linkonce.armextab.*)
                0x0000000008001a5c                . = ALIGN (0x4)

.ARM            0x0000000008001a5c        0x0
                0x0000000008001a5c                . = ALIGN (0x4)
                0x0000000008001a5c                __exidx_start = .
 *(.ARM.exidx*)
                0x0000000008001a5c                __exidx_end = .
                0x0000000008001a5c                . = ALIGN (0x4)

.preinit_array  0x0000000008001a5c        0x0
                0x0000000008001a5c                . = ALIGN (0x4)
                0x0000000008001a5c                PROVIDE (__preinit_array_start = .)
 *(.preinit_array*)
                0x0000000008001a5c                PROVIDE (__preinit_array_end = .)
                0x0000000008001a5c                . = ALIGN (0x4)

.init_array     0x0000000008001a5c        0x4
                0x0000000008001a5c                . = ALIGN (0x4)
                0x0000000008001a5c                PROVIDE (__init_array_start = .)
 *(SORT_BY_NAME(.init_array.*))
 *(.init_array*)
 .init_array    0x0000000008001a5c        0x4 c:/st/stm32cubeide_1.10.1/stm32cubeide/plugins/com.st.stm32cube.ide.mcu.externaltools.gnu-tools-for-stm32.10.3-2021.10.win32_1.0.0.202111181127/tools/bin/../lib/gcc/arm-none-eabi/10.3.1/thumb/v7e-m+fp/hard/crtbegin.o
                0x0000000008001a60                PROVIDE (__init_array_end = .)
                0x0000000008001a60                . = ALIGN (0x4)

.fini_array     0x0000000008001a60        0x4
                0x0000000008001a60                . = ALIGN (0x4)
                [!provide]                        PROVIDE (__fini_array_start = .)
 *(SORT_BY_NAME(.fini_array.*))
 *(.fini_array*)
 .fini_array    0x0000000008001a60        0x4 c:/st/stm32cubeide_1.10.1/stm32cubeide/plugins/com.st.stm32cube.ide.mcu.externaltools.gnu-tools-for-stm32.10.3-2021.10.win32_1.0.0.202111181127/tools/bin/../lib/gcc/arm-none-eabi/10.3.1/thumb/v7e-m+fp/hard/crtbegin.o
                [!provide]                        PROVIDE (__fini_array_end = .)
                0x0000000008001a64                . = ALIGN (0x4)
                0x0000000008001a64                _sidata = LOADADDR (.data)

.data           0x0000000020000000       0x24 load address 0x0000000008001a64
                0x0000000020000000                . = ALIGN (0x4)
                0x0000000020000000                _sdata = .
 *(.data)
 *(.data*)
 .data.SystemCoreClock
                0x0000000020000000        0x4 E:\IOT leaning\assignments\IOT303X\ABL_MCU_V1.0.0\SDK_1.0.3_NUCLEO-F401RE\SDK_1.0.3_NUCLEO-F401RE\lib_stm\libLibraries.a(system_stm32f4xx.o)
                0x0000000020000000                SystemCoreClock
 .data.AHBPrescTable
                0x0000000020000004       0x10 E:\IOT leaning\assignments\IOT303X\ABL_MCU_V1.0.0\SDK_1.0.3_NUCLEO-F401RE\SDK_1.0.3_NUCLEO-F401RE\lib_stm\libLibraries.a(system_stm32f4xx.o)
                0x0000000020000004                AHBPrescTable
 .data.APBAHBPrescTable
                0x0000000020000014       0x10 E:\IOT leaning\assignments\IOT303X\ABL_MCU_V1.0.0\SDK_1.0.3_NUCLEO-F401RE\SDK_1.0.3_NUCLEO-F401RE\lib_stm\libLibraries.a(stm32f401re_rcc.o)
 *(.RamFunc)
 *(.RamFunc*)
                0x0000000020000024                . = ALIGN (0x4)
                0x0000000020000024                _edata = .

.igot.plt       0x0000000020000024        0x0 load address 0x0000000008001a88
 .igot.plt      0x0000000020000024        0x0 c:/st/stm32cubeide_1.10.1/stm32cubeide/plugins/com.st.stm32cube.ide.mcu.externaltools.gnu-tools-for-stm32.10.3-2021.10.win32_1.0.0.202111181127/tools/bin/../lib/gcc/arm-none-eabi/10.3.1/thumb/v7e-m+fp/hard/crtbegin.o
                0x0000000020000024                . = ALIGN (0x4)

.bss            0x0000000020000024      0x1c4 load address 0x0000000008001a88
                0x0000000020000024                _sbss = .
                0x0000000020000024                __bss_start__ = _sbss
 *(.bss)
 .bss           0x0000000020000024       0x1c c:/st/stm32cubeide_1.10.1/stm32cubeide/plugins/com.st.stm32cube.ide.mcu.externaltools.gnu-tools-for-stm32.10.3-2021.10.win32_1.0.0.202111181127/tools/bin/../lib/gcc/arm-none-eabi/10.3.1/thumb/v7e-m+fp/hard/crtbegin.o
 *(.bss*)
 .bss._err_measure
                0x0000000020000040        0x4 ./Kalman_filter/kalman_filter.o
 .bss._err_estimate
                0x0000000020000044        0x4 ./Kalman_filter/kalman_filter.o
 .bss._q        0x0000000020000048        0x4 ./Kalman_filter/kalman_filter.o
 .bss._current_estimate
                0x000000002000004c        0x4 ./Kalman_filter/kalman_filter.o
 .bss._last_estimate
                0x0000000020000050        0x4 ./Kalman_filter/kalman_filter.o
 .bss._kalman_gain
                0x0000000020000054        0x4 ./Kalman_filter/kalman_filter.o
 .bss.wPulseLength.2
                0x0000000020000058        0x2 ./Src/main.o
 *fill*         0x000000002000005a        0x2 
 .bss.dwTimeInit.1
                0x000000002000005c        0x4 ./Src/main.o
 .bss.dwTimeTotal.0
                0x0000000020000060        0x4 ./Src/main.o
 .bss.g_pTimerHandle
                0x0000000020000064      0x180 E:\IOT leaning\assignments\IOT303X\ABL_MCU_V1.0.0\SDK_1.0.3_NUCLEO-F401RE\SDK_1.0.3_NUCLEO-F401RE\lib_stm\libLibraries.a(timer.o)
 .bss.g_wMilSecTickTimer
                0x00000000200001e4        0x4 E:\IOT leaning\assignments\IOT303X\ABL_MCU_V1.0.0\SDK_1.0.3_NUCLEO-F401RE\SDK_1.0.3_NUCLEO-F401RE\lib_stm\libLibraries.a(timer.o)
 *(COMMON)
                0x00000000200001e8                . = ALIGN (0x4)
                0x00000000200001e8                _ebss = .
                0x00000000200001e8                __bss_end__ = _ebss

._user_heap_stack
                0x00000000200001e8      0x600 load address 0x0000000008001a88
                0x00000000200001e8                . = ALIGN (0x8)
                [!provide]                        PROVIDE (end = .)
                0x00000000200001e8                PROVIDE (_end = .)
                0x00000000200003e8                . = (. + _Min_Heap_Size)
 *fill*         0x00000000200001e8      0x200 
                0x00000000200007e8                . = (. + _Min_Stack_Size)
 *fill*         0x00000000200003e8      0x400 
                0x00000000200007e8                . = ALIGN (0x8)

/DISCARD/
 libc.a(*)
 libm.a(*)
 libgcc.a(*)

.ARM.attributes
                0x0000000000000000       0x30
 *(.ARM.attributes)
 .ARM.attributes
                0x0000000000000000       0x1e c:/st/stm32cubeide_1.10.1/stm32cubeide/plugins/com.st.stm32cube.ide.mcu.externaltools.gnu-tools-for-stm32.10.3-2021.10.win32_1.0.0.202111181127/tools/bin/../lib/gcc/arm-none-eabi/10.3.1/thumb/v7e-m+fp/hard/crti.o
 .ARM.attributes
                0x000000000000001e       0x34 c:/st/stm32cubeide_1.10.1/stm32cubeide/plugins/com.st.stm32cube.ide.mcu.externaltools.gnu-tools-for-stm32.10.3-2021.10.win32_1.0.0.202111181127/tools/bin/../lib/gcc/arm-none-eabi/10.3.1/thumb/v7e-m+fp/hard/crtbegin.o
 .ARM.attributes
                0x0000000000000052       0x34 ./Kalman_filter/kalman_filter.o
 .ARM.attributes
                0x0000000000000086       0x34 ./Src/main.o
 .ARM.attributes
                0x00000000000000ba       0x21 ./Startup/startup_stm32f401retx.o
 .ARM.attributes
                0x00000000000000db       0x39 E:\IOT leaning\assignments\IOT303X\ABL_MCU_V1.0.0\SDK_1.0.3_NUCLEO-F401RE\SDK_1.0.3_NUCLEO-F401RE\lib_stm\libLibraries.a(system_stm32f4xx.o)
 .ARM.attributes
                0x0000000000000114       0x39 E:\IOT leaning\assignments\IOT303X\ABL_MCU_V1.0.0\SDK_1.0.3_NUCLEO-F401RE\SDK_1.0.3_NUCLEO-F401RE\lib_stm\libLibraries.a(stm32f401re_adc.o)
 .ARM.attributes
                0x000000000000014d       0x39 E:\IOT leaning\assignments\IOT303X\ABL_MCU_V1.0.0\SDK_1.0.3_NUCLEO-F401RE\SDK_1.0.3_NUCLEO-F401RE\lib_stm\libLibraries.a(stm32f401re_gpio.o)
 .ARM.attributes
                0x0000000000000186       0x39 E:\IOT leaning\assignments\IOT303X\ABL_MCU_V1.0.0\SDK_1.0.3_NUCLEO-F401RE\SDK_1.0.3_NUCLEO-F401RE\lib_stm\libLibraries.a(stm32f401re_rcc.o)
 .ARM.attributes
                0x00000000000001bf       0x39 E:\IOT leaning\assignments\IOT303X\ABL_MCU_V1.0.0\SDK_1.0.3_NUCLEO-F401RE\SDK_1.0.3_NUCLEO-F401RE\lib_stm\libLibraries.a(stm32f401re_tim.o)
 .ARM.attributes
                0x00000000000001f8       0x39 E:\IOT leaning\assignments\IOT303X\ABL_MCU_V1.0.0\SDK_1.0.3_NUCLEO-F401RE\SDK_1.0.3_NUCLEO-F401RE\lib_stm\libLibraries.a(timer.o)
 .ARM.attributes
                0x0000000000000231       0x39 E:\IOT leaning\assignments\IOT303X\ABL_MCU_V1.0.0\SDK_1.0.3_NUCLEO-F401RE\SDK_1.0.3_NUCLEO-F401RE\lib_stm\libLibraries.a(utilities.o)
 .ARM.attributes
                0x000000000000026a       0x34 c:/st/stm32cubeide_1.10.1/stm32cubeide/plugins/com.st.stm32cube.ide.mcu.externaltools.gnu-tools-for-stm32.10.3-2021.10.win32_1.0.0.202111181127/tools/bin/../lib/gcc/arm-none-eabi/10.3.1/../../../../arm-none-eabi/lib/thumb/v7e-m+fp/hard\libc_nano.a(lib_a-init.o)
 .ARM.attributes
                0x000000000000029e       0x1e c:/st/stm32cubeide_1.10.1/stm32cubeide/plugins/com.st.stm32cube.ide.mcu.externaltools.gnu-tools-for-stm32.10.3-2021.10.win32_1.0.0.202111181127/tools/bin/../lib/gcc/arm-none-eabi/10.3.1/thumb/v7e-m+fp/hard\libgcc.a(_arm_muldf3.o)
 .ARM.attributes
                0x00000000000002bc       0x1e c:/st/stm32cubeide_1.10.1/stm32cubeide/plugins/com.st.stm32cube.ide.mcu.externaltools.gnu-tools-for-stm32.10.3-2021.10.win32_1.0.0.202111181127/tools/bin/../lib/gcc/arm-none-eabi/10.3.1/thumb/v7e-m+fp/hard\libgcc.a(_arm_addsubdf3.o)
 .ARM.attributes
                0x00000000000002da       0x1e c:/st/stm32cubeide_1.10.1/stm32cubeide/plugins/com.st.stm32cube.ide.mcu.externaltools.gnu-tools-for-stm32.10.3-2021.10.win32_1.0.0.202111181127/tools/bin/../lib/gcc/arm-none-eabi/10.3.1/thumb/v7e-m+fp/hard\libgcc.a(_arm_truncdfsf2.o)
 .ARM.attributes
                0x00000000000002f8       0x1e c:/st/stm32cubeide_1.10.1/stm32cubeide/plugins/com.st.stm32cube.ide.mcu.externaltools.gnu-tools-for-stm32.10.3-2021.10.win32_1.0.0.202111181127/tools/bin/../lib/gcc/arm-none-eabi/10.3.1/thumb/v7e-m+fp/hard/crtn.o
OUTPUT(abl-mcu-clean-code.elf elf32-littlearm)
LOAD linker stubs
LOAD c:/st/stm32cubeide_1.10.1/stm32cubeide/plugins/com.st.stm32cube.ide.mcu.externaltools.gnu-tools-for-stm32.10.3-2021.10.win32_1.0.0.202111181127/tools/bin/../lib/gcc/arm-none-eabi/10.3.1/../../../../arm-none-eabi/lib/thumb/v7e-m+fp/hard\libc.a
LOAD c:/st/stm32cubeide_1.10.1/stm32cubeide/plugins/com.st.stm32cube.ide.mcu.externaltools.gnu-tools-for-stm32.10.3-2021.10.win32_1.0.0.202111181127/tools/bin/../lib/gcc/arm-none-eabi/10.3.1/../../../../arm-none-eabi/lib/thumb/v7e-m+fp/hard\libm.a
LOAD c:/st/stm32cubeide_1.10.1/stm32cubeide/plugins/com.st.stm32cube.ide.mcu.externaltools.gnu-tools-for-stm32.10.3-2021.10.win32_1.0.0.202111181127/tools/bin/../lib/gcc/arm-none-eabi/10.3.1/thumb/v7e-m+fp/hard\libgcc.a

.debug_info     0x0000000000000000     0x5c23
 .debug_info    0x0000000000000000      0x1fb ./Kalman_filter/kalman_filter.o
 .debug_info    0x00000000000001fb      0xc13 ./Src/main.o
 .debug_info    0x0000000000000e0e       0x22 ./Startup/startup_stm32f401retx.o
 .debug_info    0x0000000000000e30      0x5bb E:\IOT leaning\assignments\IOT303X\ABL_MCU_V1.0.0\SDK_1.0.3_NUCLEO-F401RE\SDK_1.0.3_NUCLEO-F401RE\lib_stm\libLibraries.a(system_stm32f4xx.o)
 .debug_info    0x00000000000013eb      0xc5d E:\IOT leaning\assignments\IOT303X\ABL_MCU_V1.0.0\SDK_1.0.3_NUCLEO-F401RE\SDK_1.0.3_NUCLEO-F401RE\lib_stm\libLibraries.a(stm32f401re_adc.o)
 .debug_info    0x0000000000002048      0x62b E:\IOT leaning\assignments\IOT303X\ABL_MCU_V1.0.0\SDK_1.0.3_NUCLEO-F401RE\SDK_1.0.3_NUCLEO-F401RE\lib_stm\libLibraries.a(stm32f401re_gpio.o)
 .debug_info    0x0000000000002673      0xd5e E:\IOT leaning\assignments\IOT303X\ABL_MCU_V1.0.0\SDK_1.0.3_NUCLEO-F401RE\SDK_1.0.3_NUCLEO-F401RE\lib_stm\libLibraries.a(stm32f401re_rcc.o)
 .debug_info    0x00000000000033d1     0x1c73 E:\IOT leaning\assignments\IOT303X\ABL_MCU_V1.0.0\SDK_1.0.3_NUCLEO-F401RE\SDK_1.0.3_NUCLEO-F401RE\lib_stm\libLibraries.a(stm32f401re_tim.o)
 .debug_info    0x0000000000005044      0x922 E:\IOT leaning\assignments\IOT303X\ABL_MCU_V1.0.0\SDK_1.0.3_NUCLEO-F401RE\SDK_1.0.3_NUCLEO-F401RE\lib_stm\libLibraries.a(timer.o)
 .debug_info    0x0000000000005966      0x2bd E:\IOT leaning\assignments\IOT303X\ABL_MCU_V1.0.0\SDK_1.0.3_NUCLEO-F401RE\SDK_1.0.3_NUCLEO-F401RE\lib_stm\libLibraries.a(utilities.o)

.debug_abbrev   0x0000000000000000      0xebc
 .debug_abbrev  0x0000000000000000       0xe1 ./Kalman_filter/kalman_filter.o
 .debug_abbrev  0x00000000000000e1      0x263 ./Src/main.o
 .debug_abbrev  0x0000000000000344       0x12 ./Startup/startup_stm32f401retx.o
 .debug_abbrev  0x0000000000000356      0x138 E:\IOT leaning\assignments\IOT303X\ABL_MCU_V1.0.0\SDK_1.0.3_NUCLEO-F401RE\SDK_1.0.3_NUCLEO-F401RE\lib_stm\libLibraries.a(system_stm32f4xx.o)
 .debug_abbrev  0x000000000000048e      0x194 E:\IOT leaning\assignments\IOT303X\ABL_MCU_V1.0.0\SDK_1.0.3_NUCLEO-F401RE\SDK_1.0.3_NUCLEO-F401RE\lib_stm\libLibraries.a(stm32f401re_adc.o)
 .debug_abbrev  0x0000000000000622      0x1bf E:\IOT leaning\assignments\IOT303X\ABL_MCU_V1.0.0\SDK_1.0.3_NUCLEO-F401RE\SDK_1.0.3_NUCLEO-F401RE\lib_stm\libLibraries.a(stm32f401re_gpio.o)
 .debug_abbrev  0x00000000000007e1      0x1d4 E:\IOT leaning\assignments\IOT303X\ABL_MCU_V1.0.0\SDK_1.0.3_NUCLEO-F401RE\SDK_1.0.3_NUCLEO-F401RE\lib_stm\libLibraries.a(stm32f401re_rcc.o)
 .debug_abbrev  0x00000000000009b5      0x19f E:\IOT leaning\assignments\IOT303X\ABL_MCU_V1.0.0\SDK_1.0.3_NUCLEO-F401RE\SDK_1.0.3_NUCLEO-F401RE\lib_stm\libLibraries.a(stm32f401re_tim.o)
 .debug_abbrev  0x0000000000000b54      0x29a E:\IOT leaning\assignments\IOT303X\ABL_MCU_V1.0.0\SDK_1.0.3_NUCLEO-F401RE\SDK_1.0.3_NUCLEO-F401RE\lib_stm\libLibraries.a(timer.o)
 .debug_abbrev  0x0000000000000dee       0xce E:\IOT leaning\assignments\IOT303X\ABL_MCU_V1.0.0\SDK_1.0.3_NUCLEO-F401RE\SDK_1.0.3_NUCLEO-F401RE\lib_stm\libLibraries.a(utilities.o)

.debug_aranges  0x0000000000000000      0x820
 .debug_aranges
                0x0000000000000000       0x50 ./Kalman_filter/kalman_filter.o
 .debug_aranges
                0x0000000000000050       0x60 ./Src/main.o
 .debug_aranges
                0x00000000000000b0       0x28 ./Startup/startup_stm32f401retx.o
 .debug_aranges
                0x00000000000000d8       0x30 E:\IOT leaning\assignments\IOT303X\ABL_MCU_V1.0.0\SDK_1.0.3_NUCLEO-F401RE\SDK_1.0.3_NUCLEO-F401RE\lib_stm\libLibraries.a(system_stm32f4xx.o)
 .debug_aranges
                0x0000000000000108      0x148 E:\IOT leaning\assignments\IOT303X\ABL_MCU_V1.0.0\SDK_1.0.3_NUCLEO-F401RE\SDK_1.0.3_NUCLEO-F401RE\lib_stm\libLibraries.a(stm32f401re_adc.o)
 .debug_aranges
                0x0000000000000250       0x88 E:\IOT leaning\assignments\IOT303X\ABL_MCU_V1.0.0\SDK_1.0.3_NUCLEO-F401RE\SDK_1.0.3_NUCLEO-F401RE\lib_stm\libLibraries.a(stm32f401re_gpio.o)
 .debug_aranges
                0x00000000000002d8      0x198 E:\IOT leaning\assignments\IOT303X\ABL_MCU_V1.0.0\SDK_1.0.3_NUCLEO-F401RE\SDK_1.0.3_NUCLEO-F401RE\lib_stm\libLibraries.a(stm32f401re_rcc.o)
 .debug_aranges
                0x0000000000000470      0x2f8 E:\IOT leaning\assignments\IOT303X\ABL_MCU_V1.0.0\SDK_1.0.3_NUCLEO-F401RE\SDK_1.0.3_NUCLEO-F401RE\lib_stm\libLibraries.a(stm32f401re_tim.o)
 .debug_aranges
                0x0000000000000768       0x70 E:\IOT leaning\assignments\IOT303X\ABL_MCU_V1.0.0\SDK_1.0.3_NUCLEO-F401RE\SDK_1.0.3_NUCLEO-F401RE\lib_stm\libLibraries.a(timer.o)
 .debug_aranges
                0x00000000000007d8       0x48 E:\IOT leaning\assignments\IOT303X\ABL_MCU_V1.0.0\SDK_1.0.3_NUCLEO-F401RE\SDK_1.0.3_NUCLEO-F401RE\lib_stm\libLibraries.a(utilities.o)

.debug_ranges   0x0000000000000000      0x788
 .debug_ranges  0x0000000000000000       0x40 ./Kalman_filter/kalman_filter.o
 .debug_ranges  0x0000000000000040       0x50 ./Src/main.o
 .debug_ranges  0x0000000000000090       0x20 ./Startup/startup_stm32f401retx.o
 .debug_ranges  0x00000000000000b0       0x20 E:\IOT leaning\assignments\IOT303X\ABL_MCU_V1.0.0\SDK_1.0.3_NUCLEO-F401RE\SDK_1.0.3_NUCLEO-F401RE\lib_stm\libLibraries.a(system_stm32f4xx.o)
 .debug_ranges  0x00000000000000d0      0x138 E:\IOT leaning\assignments\IOT303X\ABL_MCU_V1.0.0\SDK_1.0.3_NUCLEO-F401RE\SDK_1.0.3_NUCLEO-F401RE\lib_stm\libLibraries.a(stm32f401re_adc.o)
 .debug_ranges  0x0000000000000208       0x78 E:\IOT leaning\assignments\IOT303X\ABL_MCU_V1.0.0\SDK_1.0.3_NUCLEO-F401RE\SDK_1.0.3_NUCLEO-F401RE\lib_stm\libLibraries.a(stm32f401re_gpio.o)
 .debug_ranges  0x0000000000000280      0x188 E:\IOT leaning\assignments\IOT303X\ABL_MCU_V1.0.0\SDK_1.0.3_NUCLEO-F401RE\SDK_1.0.3_NUCLEO-F401RE\lib_stm\libLibraries.a(stm32f401re_rcc.o)
 .debug_ranges  0x0000000000000408      0x2e8 E:\IOT leaning\assignments\IOT303X\ABL_MCU_V1.0.0\SDK_1.0.3_NUCLEO-F401RE\SDK_1.0.3_NUCLEO-F401RE\lib_stm\libLibraries.a(stm32f401re_tim.o)
 .debug_ranges  0x00000000000006f0       0x60 E:\IOT leaning\assignments\IOT303X\ABL_MCU_V1.0.0\SDK_1.0.3_NUCLEO-F401RE\SDK_1.0.3_NUCLEO-F401RE\lib_stm\libLibraries.a(timer.o)
 .debug_ranges  0x0000000000000750       0x38 E:\IOT leaning\assignments\IOT303X\ABL_MCU_V1.0.0\SDK_1.0.3_NUCLEO-F401RE\SDK_1.0.3_NUCLEO-F401RE\lib_stm\libLibraries.a(utilities.o)

.debug_macro    0x0000000000000000     0xf48b
 .debug_macro   0x0000000000000000       0xec ./Kalman_filter/kalman_filter.o
 .debug_macro   0x00000000000000ec      0xa84 ./Kalman_filter/kalman_filter.o
 .debug_macro   0x0000000000000b70       0x22 ./Kalman_filter/kalman_filter.o
 .debug_macro   0x0000000000000b92       0x4c ./Kalman_filter/kalman_filter.o
 .debug_macro   0x0000000000000bde       0x1e ./Kalman_filter/kalman_filter.o
 .debug_macro   0x0000000000000bfc       0x94 ./Kalman_filter/kalman_filter.o
 .debug_macro   0x0000000000000c90       0x3c ./Kalman_filter/kalman_filter.o
 .debug_macro   0x0000000000000ccc       0x34 ./Kalman_filter/kalman_filter.o
 .debug_macro   0x0000000000000d00      0x174 ./Kalman_filter/kalman_filter.o
 .debug_macro   0x0000000000000e74       0x16 ./Kalman_filter/kalman_filter.o
 .debug_macro   0x0000000000000e8a       0x43 ./Kalman_filter/kalman_filter.o
 .debug_macro   0x0000000000000ecd       0x57 ./Kalman_filter/kalman_filter.o
 .debug_macro   0x0000000000000f24       0x34 ./Kalman_filter/kalman_filter.o
 .debug_macro   0x0000000000000f58       0x10 ./Kalman_filter/kalman_filter.o
 .debug_macro   0x0000000000000f68       0x58 ./Kalman_filter/kalman_filter.o
 .debug_macro   0x0000000000000fc0       0x71 ./Kalman_filter/kalman_filter.o
 .debug_macro   0x0000000000001031       0x1c ./Kalman_filter/kalman_filter.o
 .debug_macro   0x000000000000104d      0x12a ./Kalman_filter/kalman_filter.o
 .debug_macro   0x0000000000001177      0x341 ./Kalman_filter/kalman_filter.o
 .debug_macro   0x00000000000014b8      0x19b ./Kalman_filter/kalman_filter.o
 .debug_macro   0x0000000000001653       0xe7 ./Src/main.o
 .debug_macro   0x000000000000173a       0x8e ./Src/main.o
 .debug_macro   0x00000000000017c8       0x51 ./Src/main.o
 .debug_macro   0x0000000000001819      0x103 ./Src/main.o
 .debug_macro   0x000000000000191c       0x6a ./Src/main.o
 .debug_macro   0x0000000000001986      0x1df ./Src/main.o
 .debug_macro   0x0000000000001b65       0x6b ./Src/main.o
 .debug_macro   0x0000000000001bd0       0x3b ./Src/main.o
 .debug_macro   0x0000000000001c0b       0x34 ./Src/main.o
 .debug_macro   0x0000000000001c3f       0x26 ./Src/main.o
 .debug_macro   0x0000000000001c65      0xe43 ./Src/main.o
 .debug_macro   0x0000000000002aa8     0x8018 ./Src/main.o
 .debug_macro   0x000000000000aac0      0x2ee ./Src/main.o
 .debug_macro   0x000000000000adae      0x64a ./Src/main.o
 .debug_macro   0x000000000000b3f8      0xcad ./Src/main.o
 .debug_macro   0x000000000000c0a5      0x741 ./Src/main.o
 .debug_macro   0x000000000000c7e6       0x22 ./Src/main.o
 .debug_macro   0x000000000000c808       0xce E:\IOT leaning\assignments\IOT303X\ABL_MCU_V1.0.0\SDK_1.0.3_NUCLEO-F401RE\SDK_1.0.3_NUCLEO-F401RE\lib_stm\libLibraries.a(system_stm32f4xx.o)
 .debug_macro   0x000000000000c8d6      0xa66 E:\IOT leaning\assignments\IOT303X\ABL_MCU_V1.0.0\SDK_1.0.3_NUCLEO-F401RE\SDK_1.0.3_NUCLEO-F401RE\lib_stm\libLibraries.a(system_stm32f4xx.o)
 .debug_macro   0x000000000000d33c       0x22 E:\IOT leaning\assignments\IOT303X\ABL_MCU_V1.0.0\SDK_1.0.3_NUCLEO-F401RE\SDK_1.0.3_NUCLEO-F401RE\lib_stm\libLibraries.a(system_stm32f4xx.o)
 .debug_macro   0x000000000000d35e       0xef E:\IOT leaning\assignments\IOT303X\ABL_MCU_V1.0.0\SDK_1.0.3_NUCLEO-F401RE\SDK_1.0.3_NUCLEO-F401RE\lib_stm\libLibraries.a(system_stm32f4xx.o)
 .debug_macro   0x000000000000d44d      0x14d E:\IOT leaning\assignments\IOT303X\ABL_MCU_V1.0.0\SDK_1.0.3_NUCLEO-F401RE\SDK_1.0.3_NUCLEO-F401RE\lib_stm\libLibraries.a(stm32f401re_adc.o)
 .debug_macro   0x000000000000d59a      0xca7 E:\IOT leaning\assignments\IOT303X\ABL_MCU_V1.0.0\SDK_1.0.3_NUCLEO-F401RE\SDK_1.0.3_NUCLEO-F401RE\lib_stm\libLibraries.a(stm32f401re_adc.o)
 .debug_macro   0x000000000000e241       0xc3 E:\IOT leaning\assignments\IOT303X\ABL_MCU_V1.0.0\SDK_1.0.3_NUCLEO-F401RE\SDK_1.0.3_NUCLEO-F401RE\lib_stm\libLibraries.a(stm32f401re_gpio.o)
 .debug_macro   0x000000000000e304      0x18d E:\IOT leaning\assignments\IOT303X\ABL_MCU_V1.0.0\SDK_1.0.3_NUCLEO-F401RE\SDK_1.0.3_NUCLEO-F401RE\lib_stm\libLibraries.a(stm32f401re_rcc.o)
 .debug_macro   0x000000000000e491      0x644 E:\IOT leaning\assignments\IOT303X\ABL_MCU_V1.0.0\SDK_1.0.3_NUCLEO-F401RE\SDK_1.0.3_NUCLEO-F401RE\lib_stm\libLibraries.a(stm32f401re_rcc.o)
 .debug_macro   0x000000000000ead5       0xe4 E:\IOT leaning\assignments\IOT303X\ABL_MCU_V1.0.0\SDK_1.0.3_NUCLEO-F401RE\SDK_1.0.3_NUCLEO-F401RE\lib_stm\libLibraries.a(stm32f401re_tim.o)
 .debug_macro   0x000000000000ebb9      0x73b E:\IOT leaning\assignments\IOT303X\ABL_MCU_V1.0.0\SDK_1.0.3_NUCLEO-F401RE\SDK_1.0.3_NUCLEO-F401RE\lib_stm\libLibraries.a(stm32f401re_tim.o)
 .debug_macro   0x000000000000f2f4       0xe3 E:\IOT leaning\assignments\IOT303X\ABL_MCU_V1.0.0\SDK_1.0.3_NUCLEO-F401RE\SDK_1.0.3_NUCLEO-F401RE\lib_stm\libLibraries.a(timer.o)
 .debug_macro   0x000000000000f3d7       0x1c E:\IOT leaning\assignments\IOT303X\ABL_MCU_V1.0.0\SDK_1.0.3_NUCLEO-F401RE\SDK_1.0.3_NUCLEO-F401RE\lib_stm\libLibraries.a(timer.o)
 .debug_macro   0x000000000000f3f3       0x16 E:\IOT leaning\assignments\IOT303X\ABL_MCU_V1.0.0\SDK_1.0.3_NUCLEO-F401RE\SDK_1.0.3_NUCLEO-F401RE\lib_stm\libLibraries.a(timer.o)
 .debug_macro   0x000000000000f409       0x72 E:\IOT leaning\assignments\IOT303X\ABL_MCU_V1.0.0\SDK_1.0.3_NUCLEO-F401RE\SDK_1.0.3_NUCLEO-F401RE\lib_stm\libLibraries.a(utilities.o)
 .debug_macro   0x000000000000f47b       0x10 E:\IOT leaning\assignments\IOT303X\ABL_MCU_V1.0.0\SDK_1.0.3_NUCLEO-F401RE\SDK_1.0.3_NUCLEO-F401RE\lib_stm\libLibraries.a(utilities.o)

.debug_line     0x0000000000000000     0x4204
 .debug_line    0x0000000000000000      0x5a2 ./Kalman_filter/kalman_filter.o
 .debug_line    0x00000000000005a2      0x7a1 ./Src/main.o
 .debug_line    0x0000000000000d43       0x84 ./Startup/startup_stm32f401retx.o
 .debug_line    0x0000000000000dc7      0x4a0 E:\IOT leaning\assignments\IOT303X\ABL_MCU_V1.0.0\SDK_1.0.3_NUCLEO-F401RE\SDK_1.0.3_NUCLEO-F401RE\lib_stm\libLibraries.a(system_stm32f4xx.o)
 .debug_line    0x0000000000001267      0x84b E:\IOT leaning\assignments\IOT303X\ABL_MCU_V1.0.0\SDK_1.0.3_NUCLEO-F401RE\SDK_1.0.3_NUCLEO-F401RE\lib_stm\libLibraries.a(stm32f401re_adc.o)
 .debug_line    0x0000000000001ab2      0x65e E:\IOT leaning\assignments\IOT303X\ABL_MCU_V1.0.0\SDK_1.0.3_NUCLEO-F401RE\SDK_1.0.3_NUCLEO-F401RE\lib_stm\libLibraries.a(stm32f401re_gpio.o)
 .debug_line    0x0000000000002110      0x8d2 E:\IOT leaning\assignments\IOT303X\ABL_MCU_V1.0.0\SDK_1.0.3_NUCLEO-F401RE\SDK_1.0.3_NUCLEO-F401RE\lib_stm\libLibraries.a(stm32f401re_rcc.o)
 .debug_line    0x00000000000029e2      0xd2f E:\IOT leaning\assignments\IOT303X\ABL_MCU_V1.0.0\SDK_1.0.3_NUCLEO-F401RE\SDK_1.0.3_NUCLEO-F401RE\lib_stm\libLibraries.a(stm32f401re_tim.o)
 .debug_line    0x0000000000003711      0x684 E:\IOT leaning\assignments\IOT303X\ABL_MCU_V1.0.0\SDK_1.0.3_NUCLEO-F401RE\SDK_1.0.3_NUCLEO-F401RE\lib_stm\libLibraries.a(timer.o)
 .debug_line    0x0000000000003d95      0x46f E:\IOT leaning\assignments\IOT303X\ABL_MCU_V1.0.0\SDK_1.0.3_NUCLEO-F401RE\SDK_1.0.3_NUCLEO-F401RE\lib_stm\libLibraries.a(utilities.o)

.debug_str      0x0000000000000000    0x48720
 .debug_str     0x0000000000000000     0x6a2a ./Kalman_filter/kalman_filter.o
                                       0x6b3c (size before relaxing)
 .debug_str     0x0000000000006a2a    0x3f0bb ./Src/main.o
                                      0x42358 (size before relaxing)
 .debug_str     0x0000000000045ae5       0x31 ./Startup/startup_stm32f401retx.o
                                         0x6d (size before relaxing)
 .debug_str     0x0000000000045b16      0x694 E:\IOT leaning\assignments\IOT303X\ABL_MCU_V1.0.0\SDK_1.0.3_NUCLEO-F401RE\SDK_1.0.3_NUCLEO-F401RE\lib_stm\libLibraries.a(system_stm32f4xx.o)
                                      0x3583e (size before relaxing)
 .debug_str     0x00000000000461aa      0x76d E:\IOT leaning\assignments\IOT303X\ABL_MCU_V1.0.0\SDK_1.0.3_NUCLEO-F401RE\SDK_1.0.3_NUCLEO-F401RE\lib_stm\libLibraries.a(stm32f401re_adc.o)
                                      0x3c852 (size before relaxing)
 .debug_str     0x0000000000046917      0x17d E:\IOT leaning\assignments\IOT303X\ABL_MCU_V1.0.0\SDK_1.0.3_NUCLEO-F401RE\SDK_1.0.3_NUCLEO-F401RE\lib_stm\libLibraries.a(stm32f401re_gpio.o)
                                      0x3a690 (size before relaxing)
 .debug_str     0x0000000000046a94      0xb7b E:\IOT leaning\assignments\IOT303X\ABL_MCU_V1.0.0\SDK_1.0.3_NUCLEO-F401RE\SDK_1.0.3_NUCLEO-F401RE\lib_stm\libLibraries.a(stm32f401re_rcc.o)
                                      0x39aa1 (size before relaxing)
 .debug_str     0x000000000004760f      0xa72 E:\IOT leaning\assignments\IOT303X\ABL_MCU_V1.0.0\SDK_1.0.3_NUCLEO-F401RE\SDK_1.0.3_NUCLEO-F401RE\lib_stm\libLibraries.a(stm32f401re_tim.o)
                                      0x3a911 (size before relaxing)
 .debug_str     0x0000000000048081      0x5da E:\IOT leaning\assignments\IOT303X\ABL_MCU_V1.0.0\SDK_1.0.3_NUCLEO-F401RE\SDK_1.0.3_NUCLEO-F401RE\lib_stm\libLibraries.a(timer.o)
                                      0x39451 (size before relaxing)
 .debug_str     0x000000000004865b       0xc5 E:\IOT leaning\assignments\IOT303X\ABL_MCU_V1.0.0\SDK_1.0.3_NUCLEO-F401RE\SDK_1.0.3_NUCLEO-F401RE\lib_stm\libLibraries.a(utilities.o)
                                       0x3d14 (size before relaxing)

.comment        0x0000000000000000       0xcb
 .comment       0x0000000000000000       0x50 ./Kalman_filter/kalman_filter.o
                                         0x51 (size before relaxing)
 .comment       0x0000000000000050       0x51 ./Src/main.o
 .comment       0x0000000000000050       0x7b E:\IOT leaning\assignments\IOT303X\ABL_MCU_V1.0.0\SDK_1.0.3_NUCLEO-F401RE\SDK_1.0.3_NUCLEO-F401RE\lib_stm\libLibraries.a(system_stm32f4xx.o)
                                         0x7c (size before relaxing)
 .comment       0x00000000000000cb       0x7c E:\IOT leaning\assignments\IOT303X\ABL_MCU_V1.0.0\SDK_1.0.3_NUCLEO-F401RE\SDK_1.0.3_NUCLEO-F401RE\lib_stm\libLibraries.a(stm32f401re_adc.o)
 .comment       0x00000000000000cb       0x7c E:\IOT leaning\assignments\IOT303X\ABL_MCU_V1.0.0\SDK_1.0.3_NUCLEO-F401RE\SDK_1.0.3_NUCLEO-F401RE\lib_stm\libLibraries.a(stm32f401re_gpio.o)
 .comment       0x00000000000000cb       0x7c E:\IOT leaning\assignments\IOT303X\ABL_MCU_V1.0.0\SDK_1.0.3_NUCLEO-F401RE\SDK_1.0.3_NUCLEO-F401RE\lib_stm\libLibraries.a(stm32f401re_rcc.o)
 .comment       0x00000000000000cb       0x7c E:\IOT leaning\assignments\IOT303X\ABL_MCU_V1.0.0\SDK_1.0.3_NUCLEO-F401RE\SDK_1.0.3_NUCLEO-F401RE\lib_stm\libLibraries.a(stm32f401re_tim.o)
 .comment       0x00000000000000cb       0x7c E:\IOT leaning\assignments\IOT303X\ABL_MCU_V1.0.0\SDK_1.0.3_NUCLEO-F401RE\SDK_1.0.3_NUCLEO-F401RE\lib_stm\libLibraries.a(timer.o)
 .comment       0x00000000000000cb       0x7c E:\IOT leaning\assignments\IOT303X\ABL_MCU_V1.0.0\SDK_1.0.3_NUCLEO-F401RE\SDK_1.0.3_NUCLEO-F401RE\lib_stm\libLibraries.a(utilities.o)

.debug_frame    0x0000000000000000     0x2494
 .debug_frame   0x0000000000000000      0x11c ./Kalman_filter/kalman_filter.o
 .debug_frame   0x000000000000011c      0x13c ./Src/main.o
 .debug_frame   0x0000000000000258       0x74 E:\IOT leaning\assignments\IOT303X\ABL_MCU_V1.0.0\SDK_1.0.3_NUCLEO-F401RE\SDK_1.0.3_NUCLEO-F401RE\lib_stm\libLibraries.a(system_stm32f4xx.o)
 .debug_frame   0x00000000000002cc      0x5ec E:\IOT leaning\assignments\IOT303X\ABL_MCU_V1.0.0\SDK_1.0.3_NUCLEO-F401RE\SDK_1.0.3_NUCLEO-F401RE\lib_stm\libLibraries.a(stm32f401re_adc.o)
 .debug_frame   0x00000000000008b8      0x23c E:\IOT leaning\assignments\IOT303X\ABL_MCU_V1.0.0\SDK_1.0.3_NUCLEO-F401RE\SDK_1.0.3_NUCLEO-F401RE\lib_stm\libLibraries.a(stm32f401re_gpio.o)
 .debug_frame   0x0000000000000af4      0x774 E:\IOT leaning\assignments\IOT303X\ABL_MCU_V1.0.0\SDK_1.0.3_NUCLEO-F401RE\SDK_1.0.3_NUCLEO-F401RE\lib_stm\libLibraries.a(stm32f401re_rcc.o)
 .debug_frame   0x0000000000001268      0xe58 E:\IOT leaning\assignments\IOT303X\ABL_MCU_V1.0.0\SDK_1.0.3_NUCLEO-F401RE\SDK_1.0.3_NUCLEO-F401RE\lib_stm\libLibraries.a(stm32f401re_tim.o)
 .debug_frame   0x00000000000020c0      0x1a8 E:\IOT leaning\assignments\IOT303X\ABL_MCU_V1.0.0\SDK_1.0.3_NUCLEO-F401RE\SDK_1.0.3_NUCLEO-F401RE\lib_stm\libLibraries.a(timer.o)
 .debug_frame   0x0000000000002268      0x100 E:\IOT leaning\assignments\IOT303X\ABL_MCU_V1.0.0\SDK_1.0.3_NUCLEO-F401RE\SDK_1.0.3_NUCLEO-F401RE\lib_stm\libLibraries.a(utilities.o)
 .debug_frame   0x0000000000002368       0x2c c:/st/stm32cubeide_1.10.1/stm32cubeide/plugins/com.st.stm32cube.ide.mcu.externaltools.gnu-tools-for-stm32.10.3-2021.10.win32_1.0.0.202111181127/tools/bin/../lib/gcc/arm-none-eabi/10.3.1/../../../../arm-none-eabi/lib/thumb/v7e-m+fp/hard\libc_nano.a(lib_a-init.o)
 .debug_frame   0x0000000000002394       0x30 c:/st/stm32cubeide_1.10.1/stm32cubeide/plugins/com.st.stm32cube.ide.mcu.externaltools.gnu-tools-for-stm32.10.3-2021.10.win32_1.0.0.202111181127/tools/bin/../lib/gcc/arm-none-eabi/10.3.1/thumb/v7e-m+fp/hard\libgcc.a(_arm_muldf3.o)
 .debug_frame   0x00000000000023c4       0xac c:/st/stm32cubeide_1.10.1/stm32cubeide/plugins/com.st.stm32cube.ide.mcu.externaltools.gnu-tools-for-stm32.10.3-2021.10.win32_1.0.0.202111181127/tools/bin/../lib/gcc/arm-none-eabi/10.3.1/thumb/v7e-m+fp/hard\libgcc.a(_arm_addsubdf3.o)
 .debug_frame   0x0000000000002470       0x24 c:/st/stm32cubeide_1.10.1/stm32cubeide/plugins/com.st.stm32cube.ide.mcu.externaltools.gnu-tools-for-stm32.10.3-2021.10.win32_1.0.0.202111181127/tools/bin/../lib/gcc/arm-none-eabi/10.3.1/thumb/v7e-m+fp/hard\libgcc.a(_arm_truncdfsf2.o)
